'CircleDivisor.EnergyV3.AdaptedMetric.adapted_inverse_coordinates' depends on axioms: [propext,
 Classical.choice,
 Quot.sound]
'CircleDivisor.EnergyV3.AdaptedMetric.transpose_controls_adapted' depends on axioms: [propext,
 Classical.choice,
 Quot.sound]
'CircleDivisor.EnergyV3.AmplitudeConstants.norm_add_rpow_le' depends on axioms: [propext, Classical.choice, Quot.sound]
'CircleDivisor.EnergyV3.AmplitudeConstants.moment_add' depends on axioms: [propext, Classical.choice, Quot.sound]
'CircleDivisor.EnergyV3.AmplitudeCountable.gm_truncated_distribution' depends on axioms: [propext,
 Classical.choice,
 Quot.sound]
'CircleDivisor.EnergyV3.AmplitudeCountable.moment_of_gm' depends on axioms: [propext, Classical.choice, Quot.sound]
'CircleDivisor.EnergyV3.AmplitudeScale.scale_term' depends on axioms: [propext, Classical.choice, Quot.sound]
'CircleDivisor.EnergyV3.AmplitudeScale.scale_sum' depends on axioms: [propext, Classical.choice, Quot.sound]
'CircleDivisor.EnergyV3.AngularAtoms.generator_rotated_angle' depends on axioms: [propext, Classical.choice, Quot.sound]
'CircleDivisor.EnergyV3.AngularAtoms.same_cap_index_diameter' depends on axioms: [propext, Classical.choice, Quot.sound]
'CircleDivisor.EnergyV3.Arithmetic.four_reference_endpoint_bounds' depends on axioms: [propext,
 Classical.choice,
 Quot.sound]
'CircleDivisor.EnergyV3.Arithmetic.four_actual_endpoint_bounds' depends on axioms: [propext,
 Classical.choice,
 Quot.sound]
'CircleDivisor.EnergyV3.ArithmeticInterface.spacing_scale_bounds' depends on axioms: [propext,
 Classical.choice,
 Quot.sound]
'CircleDivisor.EnergyV3.ArithmeticInterface.spacingMajorized_of_firstSpacing' depends on axioms: [propext,
 Classical.choice,
 Quot.sound]
'CircleDivisor.EnergyV3.main_of_firstSpacing' depends on axioms: [propext, Classical.choice, Quot.sound]
'CircleDivisor.EnergyV3.CanonicalLocalization.localizedSchwartz_tsupport' depends on axioms: [propext,
 Classical.choice,
 Quot.sound]
'CircleDivisor.EnergyV3.CanonicalLocalization.classPoints_partition' depends on axioms: [propext,
 Classical.choice,
 Quot.sound]
'CircleDivisor.EnergyV3.CapNesting.coarsePoints_disjoint' depends on axioms: [propext, Classical.choice, Quot.sound]
'CircleDivisor.EnergyV3.CapNesting.coarsePoints_union' depends on axioms: [propext, Classical.choice, Quot.sound]
'CircleDivisor.EnergyV3.CaseAssembly.selected_case' depends on axioms: [propext, Classical.choice, Quot.sound]
'CircleDivisor.EnergyV3.CaseAssembly.eventually_log_correction' depends on axioms: [propext,
 Classical.choice,
 Quot.sound]
'CircleDivisor.EnergyV3.ClassDecomposition.jacobian_rotation' depends on axioms: [propext, Classical.choice, Quot.sound]
'CircleDivisor.EnergyV3.ClassDecomposition.jacobian_rotatedPhysical' depends on axioms: [propext,
 Classical.choice,
 Quot.sound]
'CircleDivisor.EnergyV3.CoarseDecomposition.average_pairSum_split' depends on axioms: [propext,
 Classical.choice,
 Quot.sound]
'CircleDivisor.EnergyV3.CoarseDecomposition.localMass_sub_sameMass' depends on axioms: [propext,
 Classical.choice,
 Quot.sound]
'CircleDivisor.EnergyV3.CoarseWindows.sameWindow' depends on axioms: [propext, Classical.choice, Quot.sound]
'CircleDivisor.EnergyV3.CoarseWindows.crossWindow' depends on axioms: [propext, Classical.choice, Quot.sound]
'CircleDivisor.EnergyV3.Construction.extra_standing_of_margins' depends on axioms: [propext,
 Classical.choice,
 Quot.sound]
'CircleDivisor.EnergyV3.Construction.extra_standing_threshold' depends on axioms: [propext,
 Classical.choice,
 Quot.sound]
'CircleDivisor.EnergyV3.CountableAveraging.finite_averaging' depends on axioms: [propext, Classical.choice, Quot.sound]
'CircleDivisor.EnergyV3.CountableAveraging.countable_averaging' depends on axioms: [propext,
 Classical.choice,
 Quot.sound]
'CircleDivisor.EnergyV3.CrudeEnergy.actual_crude_energies' depends on axioms: [propext, Classical.choice, Quot.sound]
'CircleDivisor.EnergyV3.CrudeEnergy.actual_profile_crude' depends on axioms: [propext, Classical.choice, Quot.sound]
'CircleDivisor.EnergyV3.DensitySums.relation_decay_sum' depends on axioms: [propext, Classical.choice, Quot.sound]
'CircleDivisor.EnergyV3.DensitySums.same_relation_decay_sum' depends on axioms: [propext, Classical.choice, Quot.sound]
'CircleDivisor.EnergyV3.ElementaryReciprocal.elementary_double_sum' depends on axioms: [propext,
 Classical.choice,
 Quot.sound]
'CircleDivisor.EnergyV3.ElementaryReciprocal.reciprocalSum_trivial' depends on axioms: [propext,
 Classical.choice,
 Quot.sound]
'CircleDivisor.EnergyV3.EndpointTransfer.four_coefficient_ranges' depends on axioms: [propext,
 Classical.choice,
 Quot.sound]
'CircleDivisor.EnergyV3.EndpointTransfer.actual_sieveMonomial_bound' depends on axioms: [propext,
 Classical.choice,
 Quot.sound]
'CircleDivisor.EnergyV3.EnvelopeEnergies.finite_first_mass' depends on axioms: [propext, Classical.choice, Quot.sound]
'CircleDivisor.EnergyV3.EnvelopeEnergies.countable_first_mass' depends on axioms: [propext,
 Classical.choice,
 Quot.sound]
'CircleDivisor.EnergyV3.FirstMass.envelope_grouped_average' depends on axioms: [propext, Classical.choice, Quot.sound]
'CircleDivisor.EnergyV3.FirstMass.envelope_grouped_average_nonneg' depends on axioms: [propext,
 Classical.choice,
 Quot.sound]
'CircleDivisor.EnergyV3.FirstSpacingAssembly.coefficient_bound' depends on axioms: [propext,
 Classical.choice,
 Quot.sound]
'CircleDivisor.EnergyV3.FirstSpacingAssembly.moment_bound' depends on axioms: [propext, Classical.choice, Quot.sound]
'CircleDivisor.EnergyV3.FirstSpacingTransfer.fourTerm_one_le' depends on axioms: [propext, Classical.choice, Quot.sound]
'CircleDivisor.EnergyV3.FirstSpacingTransfer.firstSpacing_of_large_localized' depends on axioms: [propext,
 Classical.choice,
 Quot.sound]
'CircleDivisor.EnergyV3.FourierTransport.support_rotated_cutoff' depends on axioms: [propext,
 Classical.choice,
 Quot.sound]
'CircleDivisor.EnergyV3.FourierTransport.integral_rotatedPhysical' depends on axioms: [propext,
 Classical.choice,
 Quot.sound]
'CircleDivisor.EnergyV3.HardReciprocal.hard_reciprocal_fixed_moment' depends on axioms: [propext,
 Classical.choice,
 Quot.sound]
'CircleDivisor.EnergyV3.HardReciprocal.hard_reciprocal_uniform' depends on axioms: [propext,
 Classical.choice,
 Quot.sound]
'CircleDivisor.EnergyV3.KernelActual.physical_kernel_decay' depends on axioms: [propext, Classical.choice, Quot.sound]
'CircleDivisor.EnergyV3.KernelActual.transported_physical_kernel_decay' depends on axioms: [propext,
 Classical.choice,
 Quot.sound]
'CircleDivisor.EnergyV3.KernelBounds.actual_normalized_kernel_decay' depends on axioms: [propext,
 Classical.choice,
 Quot.sound]
'CircleDivisor.EnergyV3.KernelBounds.actual_scaled_kernel_decay' depends on axioms: [propext,
 Classical.choice,
 Quot.sound]
'CircleDivisor.EnergyV3.KernelDensity.decay_comparison' depends on axioms: [propext, Classical.choice, Quot.sound]
'CircleDivisor.EnergyV3.KernelDensity.uniform_transported_average' depends on axioms: [propext,
 Classical.choice,
 Quot.sound]
'CircleDivisor.EnergyV3.KernelDerivatives.baseWeight_complex_smooth' depends on axioms: [propext,
 Classical.choice,
 Quot.sound]
'CircleDivisor.EnergyV3.KernelDerivatives.baseWeight_derivative_bound' depends on axioms: [propext,
 Classical.choice,
 Quot.sound]
'CircleDivisor.EnergyV3.KernelEnvelope.transportedEnvelopeKernel_eq' depends on axioms: [propext,
 Classical.choice,
 Quot.sound]
'CircleDivisor.EnergyV3.KernelEnvelope.transported_envelope_kernel_decay' depends on axioms: [propext,
 Classical.choice,
 Quot.sound]
'CircleDivisor.EnergyV3.LinearTransport.pair_energy_comp' depends on axioms: [propext, Classical.choice, Quot.sound]
'CircleDivisor.EnergyV3.LinearTransport.moment_comp' depends on axioms: [propext, Classical.choice, Quot.sound]
'CircleDivisor.EnergyV3.LocalizationNormalization.coneMoment_le_localized_integral' depends on axioms: [propext,
 Classical.choice,
 Quot.sound]
'CircleDivisor.EnergyV3.LocalizationNormalization.coneFrequency_eq_frequency' depends on axioms: [propext,
 Classical.choice,
 Quot.sound]
'CircleDivisor.EnergyV3.MetricTransport.canonical_decay_comparison' depends on axioms: [propext,
 Classical.choice,
 Quot.sound]
'CircleDivisor.EnergyV3.MetricTransport.transported_kernel_arithmetic_decay' depends on axioms: [propext,
 Classical.choice,
 Quot.sound]
'CircleDivisor.EnergyV3.NeighborCount.actual_dual_neighbor_count' depends on axioms: [propext,
 Classical.choice,
 Quot.sound]
'CircleDivisor.EnergyV3.NeighborCount.shell_series_bound' depends on axioms: [propext, Classical.choice, Quot.sound]
'CircleDivisor.EnergyV3.rational_certificate' depends on axioms: [propext, Classical.choice, Quot.sound]
'CircleDivisor.EnergyV3.left_exponent_strict' depends on axioms: [propext, Classical.choice, Quot.sound]
'CircleDivisor.EnergyV3.PairedCount.Admissible.bounded' depends on axioms: [propext, Classical.choice, Quot.sound]
'CircleDivisor.EnergyV3.PairedCount.count_quadruples' depends on axioms: [propext, Classical.choice, Quot.sound]
'CircleDivisor.EnergyV3.PairedCount.count_real_parameters' depends on axioms: [propext, Classical.choice, Quot.sound]
'CircleDivisor.EnergyV3.PairedCount.paired_count_real' depends on axioms: [propext, Classical.choice, Quot.sound]
'CircleDivisor.EnergyV3.PairEnergies.balanced_cross_count_family' depends on axioms: [propext,
 Classical.choice,
 Quot.sound]
'CircleDivisor.EnergyV3.PairEnergies.torus_cross_energy_family' depends on axioms: [propext,
 Classical.choice,
 Quot.sound]
'CircleDivisor.EnergyV3.QuadraticDecomposition.grouped_pairSum_real_nonneg' depends on axioms: [propext,
 Classical.choice,
 Quot.sound]
'CircleDivisor.EnergyV3.QuadraticDecomposition.pairSum_split' depends on axioms: [propext, Classical.choice, Quot.sound]
'CircleDivisor.EnergyV3.ReciprocalConclusion.weighted_reciprocal_of_inputs' depends on axioms: [propext,
 Classical.choice,
 Quot.sound]
'CircleDivisor.EnergyV3.ReciprocalConclusion.reciprocalRectangles_of_inputs' depends on axioms: [propext,
 Classical.choice,
 Quot.sound]
'CircleDivisor.EnergyV3.sum_dyadic_upperCutoff' depends on axioms: [propext, Classical.choice, Quot.sound]
'CircleDivisor.EnergyV3.reciprocalSum_upperCutoffs' depends on axioms: [propext, Classical.choice, Quot.sound]
'CircleDivisor.EnergyV3.fejer_sum_eq_re' depends on axioms: [propext, Classical.choice, Quot.sound]
'CircleDivisor.EnergyV3.sawtooth_sum_le_fourier' depends on axioms: [propext, Classical.choice, Quot.sound]
'CircleDivisor.EnergyV3.sum_dyadic_starts' depends on axioms: [propext, Classical.choice, Quot.sound]
'CircleDivisor.EnergyV3.sum_dyadic_starts_le' depends on axioms: [propext, Classical.choice, Quot.sound]
'CircleDivisor.EnergyV3.dyadicBlock_length' depends on axioms: [propext, Classical.choice, Quot.sound]
'CircleDivisor.EnergyV3.finite_fourier_reduction' depends on axioms: [propext, Classical.choice, Quot.sound]
'CircleDivisor.EnergyV3.main_of_fullReciprocalSawtooth' depends on axioms: [propext, Classical.choice, Quot.sound]
'CircleDivisor.EnergyV3.main_of_reciprocal_rectangles' depends on axioms: [propext, Classical.choice, Quot.sound]
'CircleDivisor.EnergyV3.sawtooth_trivial_bound' depends on axioms: [propext, Classical.choice, Quot.sound]
'CircleDivisor.EnergyV3.rectangle_to_sawtooth_power' depends on axioms: [propext, Classical.choice, Quot.sound]
'CircleDivisor.EnergyV3.dyadicReciprocalSawtooth_of_rectangles' depends on axioms: [propext,
 Classical.choice,
 Quot.sound]
'CircleDivisor.EnergyV3.fullReciprocalSawtooth_of_dyadic' depends on axioms: [propext, Classical.choice, Quot.sound]
'CircleDivisor.EnergyV3.vaaler_coefficient_abelCost' depends on axioms: [propext, Classical.choice, Quot.sound]
'CircleDivisor.EnergyV3.fejer_coefficient_abelCost' depends on axioms: [propext, Classical.choice, Quot.sound]
'CircleDivisor.EnergyV3.RefinedEnergy.cross_familyEnergy' depends on axioms: [propext, Classical.choice, Quot.sound]
'CircleDivisor.EnergyV3.RefinedEnergy.familyEnergy_ofReal' depends on axioms: [propext, Classical.choice, Quot.sound]
'CircleDivisor.EnergyV3.RotationJacobian.rotatedPhysical_jacobian' depends on axioms: [propext,
 Classical.choice,
 Quot.sound]
'CircleDivisor.EnergyV3.SameRayCount.RealAdmissible.ceiling' depends on axioms: [propext, Classical.choice, Quot.sound]
'CircleDivisor.EnergyV3.SameRayCount.count_real' depends on axioms: [propext, Classical.choice, Quot.sound]
'CircleDivisor.EnergyV3.PairEnergies.localized_same_energy_family' depends on axioms: [propext,
 Classical.choice,
 Quot.sound]
'CircleDivisor.EnergyV3.PairEnergies.localized_cross_energy_family' depends on axioms: [propext,
 Classical.choice,
 Quot.sound]
'CircleDivisor.EnergyV3.ScaleBounds.full_scale_bound' depends on axioms: [propext, Classical.choice, Quot.sound]
'CircleDivisor.EnergyV3.ScaleBounds.full_scale_bound_q' depends on axioms: [propext, Classical.choice, Quot.sound]
'CircleDivisor.EnergyV3.ScaleExponents.cross_ray_small' depends on axioms: [propext, Classical.choice, Quot.sound]
'CircleDivisor.EnergyV3.ScaleExponents.cross_ray_bound' depends on axioms: [propext, Classical.choice, Quot.sound]
'CircleDivisor.EnergyV3.ShellSummation.decay_le_shell' depends on axioms: [propext, Classical.choice, Quot.sound]
'CircleDivisor.EnergyV3.ShellSummation.finite_decay_sum' depends on axioms: [propext, Classical.choice, Quot.sound]
'CircleDivisor.EnergyV3.SpacingTransfer.moment_contribution_bound' depends on axioms: [propext,
 Classical.choice,
 Quot.sound]
'CircleDivisor.EnergyV3.SpacingTransfer.actual_moment_contribution_bound' depends on axioms: [propext,
 Classical.choice,
 Quot.sound]
'CircleDivisor.EnergyV3.PairEnergies.phasedCoefficient_norm' depends on axioms: [propext, Classical.choice, Quot.sound]
'CircleDivisor.EnergyV3.PairEnergies.phased_mass' depends on axioms: [propext, Classical.choice, Quot.sound]
'CircleDivisor.EnergyV3.TorusProjection.fiberCoefficient_norm_le_card' depends on axioms: [propext,
 Classical.choice,
 Quot.sound]
'CircleDivisor.EnergyV3.TorusProjection.weighted_projection_le_fiber_energy' depends on axioms: [propext,
 Classical.choice,
 Quot.sound]
'CircleDivisor.EnergyV3.TwoClassLocalization.localized_moment_le_two_classes' depends on axioms: [propext,
 Classical.choice,
 Quot.sound]
'CircleDivisor.EnergyV3.TwoClassLocalization.localized_moment_le_uniform_classes' depends on axioms: [propext,
 Classical.choice,
 Quot.sound]
'CircleDivisor.EnergyV3.WeightGeometry.coordinateEquiv_symm_norm_le' depends on axioms: [propext,
 Classical.choice,
 Quot.sound]
'CircleDivisor.EnergyV3.WeightGeometry.canonical_synthesis_norm_le' depends on axioms: [propext,
 Classical.choice,
 Quot.sound]
'CircleDivisor.EnergyV3.WeightMass.envelopeWeight_mass' depends on axioms: [propext, Classical.choice, Quot.sound]
'CircleDivisor.EnergyV3.WeightMass.actual_countable_averaging' depends on axioms: [propext,
 Classical.choice,
 Quot.sound]
'CircleDivisor.EnergyV3.WeightOverlap.actual_envelope_finite_overlap' depends on axioms: [propext,
 Classical.choice,
 Quot.sound]
'CircleDivisor.EnergyV3.WeightOverlap.actual_envelope_overlap' depends on axioms: [propext,
 Classical.choice,
 Quot.sound]
'CircleDivisor.EnergyV3.PairedCount.count_nonzero' depends on axioms: [propext, Classical.choice, Quot.sound]
'CircleDivisor.EnergyV3.PairedCount.count_zero_rectangle' depends on axioms: [propext, Classical.choice, Quot.sound]
'CircleDivisor.EnergyV3.TorusProjection.weighted_projection_identity' depends on axioms: [propext,
 Classical.choice,
 Quot.sound]
'CircleDivisor.EnergyV3.AngularAtoms.whole_ray_atoms_one_cap' depends on axioms: [propext, Classical.choice, Quot.sound]
'CircleDivisor.EnergyV3.CanonicalLocalization.exists_actual_canonical_projections' depends on axioms: [propext,
 Classical.choice,
 Quot.sound]
'CircleDivisor.EnergyV3.CountableAveraging.countable_averaging' depends on axioms: [propext,
 Classical.choice,
 Quot.sound]
'CircleDivisor.EnergyV3.FirstMass.sum_square_integral' depends on axioms: [propext, Classical.choice, Quot.sound]
'CircleDivisor.EnergyV3.LiYangInput' depends on axioms: [propext, Classical.choice, Quot.sound]
'CircleDivisor.GuthMaldague.GuthMaldagueInput' depends on axioms: [propext, Classical.choice, Quot.sound]
'CircleDivisor.EnergyV3.CoarseEnergy.first_masses' depends on axioms: [propext, Classical.choice, Quot.sound]
'CircleDivisor.EnergyV3.CoarseEnergy.profile_energies' depends on axioms: [propext, Classical.choice, Quot.sound]
'CircleDivisor.EnergyV3.CoarseEnergy.energyConstant_rotatedPhysical' depends on axioms: [propext,
 Classical.choice,
 Quot.sound]
'CircleDivisor.EnergyV3.LocalDensityActual.actual_average_decay' depends on axioms: [propext,
 Classical.choice,
 Quot.sound]
'CircleDivisor.EnergyV3.LocalDensityActual.actual_local_density' depends on axioms: [propext,
 Classical.choice,
 Quot.sound]
'CircleDivisor.EnergyV3.DensityTransfer.actual_mass_densities' depends on axioms: [propext,
 Classical.choice,
 Quot.sound]
'CircleDivisor.EnergyV3.AnalyticAssembly.uniform_class_moment_explicit_q' depends on axioms: [propext,
 Classical.choice,
 Quot.sound]
'CircleDivisor.EnergyV3.UniformFirstSpacingTransfer.uniformFirstSpacing_of_large_localized' depends on axioms: [propext,
 Classical.choice,
 Quot.sound]
'CircleDivisor.EnergyV3.firstSpacing_of_uniform' depends on axioms: [propext, Classical.choice, Quot.sound]
'CircleDivisor.EnergyV3.uniformFirstSpacing_of_external_inputs' depends on axioms: [propext,
 Classical.choice,
 Quot.sound]
'CircleDivisor.EnergyV3.firstSpacing_of_external_inputs' depends on axioms: [propext, Classical.choice, Quot.sound]
'CircleDivisor.EnergyV3.main_of_external_inputs' depends on axioms: [propext, Classical.choice, Quot.sound]
'CircleDivisor.EnergyV3.circle_and_divisor_error' depends on axioms: [propext, Classical.choice, Quot.sound]
'CircleDivisor.EnergyV3.Corollaries.sqrt_moment_of_uniform' depends on axioms: [propext, Classical.choice, Quot.sound]
'CircleDivisor.EnergyV3.Corollaries.sqrt_moment_of_external_inputs' depends on axioms: [propext,
 Classical.choice,
 Quot.sound]
'CircleDivisor.EnergyV3.Corollaries.nine_halves_conditions' depends on axioms: [propext, Classical.choice, Quot.sound]
'CircleDivisor.EnergyV3.Corollaries.nine_halves_moment_of_external_inputs' depends on axioms: [propext,
 Classical.choice,
 Quot.sound]
